<testsuites name="jest tests" tests="0" failures="0" time="69.975">
</testsuites>